Statement for BigCo
  Hamlet: $400.00 (10 seats)
  As You Like It: $500.00 (25 seats)
  Othello: $400.00 (20 seats)
Amount owed is $1,300.00
You earned 5 credits
